docker : 2023/11/15 11:27:39 http2: server: error reading preface from client //./pipe/docker_engine: file has already been closed
At line:1 char:1
+ docker build -t chrome_test -f chrome_test.dockerfile . > build_outpu ...
+ ~~~~~~~~~~~~~~~~~~~~~~~~~~~~~~~~~~~~~~~~~~~~~~~~~~~~~~~~~~~~~~~~~~~~~
    + CategoryInfo          : NotSpecified: (2023/11/15 11:2...ady been closed:String) [], RemoteException
    + FullyQualifiedErrorId : NativeCommandError
 
#1 [internal] load .dockerignore
#1 transferring context: 2B done
#1 DONE 0.0s

#2 [internal] load build definition from chrome_test.dockerfile
#2 transferring dockerfile: 1.10kB 0.0s done
#2 DONE 0.0s

#3 [internal] load metadata for docker.io/library/python:3.9
#3 ...

#4 [auth] library/python:pull token for registry-1.docker.io
#4 DONE 0.0s

#3 [internal] load metadata for docker.io/library/python:3.9
#3 DONE 0.8s

#5 [1/9] FROM docker.io/library/python:3.9@sha256:b6cc878074fdc6aff44867f42bf4cc6d18f4e71ed44027649856355b8e23dbe4
#5 DONE 0.0s

#6 [internal] load build context
#6 transferring context: 96B done
#6 DONE 0.0s

#7 [4/9] RUN apt-get update && apt-get install -y google-chrome-stable
#7 CACHED

#8 [7/9] RUN pip install --no-cache-dir -r webdriver_test_requirements.txt
#8 CACHED

#9 [2/9] RUN apt-get update && apt-get install -y     wget  && rm -rf /var/lib/apt/lists/*
#9 CACHED

#10 [3/9] RUN wget -q -O - https://dl.google.com/linux/linux_signing_key.pub | apt-key add -  && echo "deb [arch=amd64] http://dl.google.com/linux/chrome/deb/ stable main" > /etc/apt/sources.list.d/google-chrome.list
#10 CACHED

#11 [6/9] COPY webdriver_test_requirements.txt /app/
#11 CACHED

#12 [5/9] WORKDIR /app
#12 CACHED

#13 [8/9] COPY webdriver_test_script.py /app/
#13 CACHED

#14 [9/9] RUN google-chrome --version > /chrome_version.txt
#14 DONE 0.3s

#15 exporting to image
#15 exporting layers 0.0s done
#15 writing image sha256:0937889f7842f5332bd09471c3b0dcbf1101834fa430898d7455a8aeff23dd7b done
#15 naming to docker.io/library/chrome_test done
#15 DONE 0.0s
